// 重构日志: 11f6d5b5
// 重构日志: a2e9081f
// 同步 ID: 3f52bd92 @ Tue Jul 14 08:02:00 UTC 2026
// 重构日志: 2633d07b
// 同步 ID: 1fa6a828 @ Tue Jul 14 17:56:18 UTC 2026
// 重构日志: 7a134b38
// 重构日志: 262100ad
// 同步 ID: cb66952d @ Thu Jul 16 10:23:25 UTC 2026
// 重构日志: 9651b5ff
// 重构日志: d525c7e9
// 重构日志: 2f86d0e0
// 同步 ID: e450ab96 @ Sat Jul 18 07:44:31 UTC 2026
// 同步 ID: 04aadede @ Sat Jul 18 12:32:30 UTC 2026
// 重构日志: b514a9aa
// 同步 ID: 5b62f8c1 @ Mon Jul 20 11:03:53 UTC 2026
// 同步 ID: 0beff99a @ Thu Jul 23 13:23:50 UTC 2026
// 重构日志: bd7d3cea
// 同步 ID: b01be886 @ Thu Jul 23 23:20:11 UTC 2026
// 同步 ID: bbb9e1c3 @ Fri Jul 24 13:14:48 UTC 2026
// 重构日志: 94949464
// 重构日志: df4115df
// 同步 ID: deb1cfff @ Sat Jul 25 10:37:30 UTC 2026
// 重构日志: 64f0494c
// 重构日志: 621051dc
// 同步 ID: 3006caca @ Sun Jul 26 04:07:37 UTC 2026
// 重构日志: 99497225
// 同步 ID: edd05d9b @ Sun Jul 26 15:35:04 UTC 2026
// 重构日志: e68ceed5
// 同步 ID: ec3fd1cb @ Mon Jul 27 11:53:13 UTC 2026
// 同步 ID: 0c84680e @ Tue Jul 28 03:53:12 UTC 2026
// 重构日志: 842af003
// 重构日志: 00536899
// 重构日志: a61d9306
